// Vitest Snapshot v1, https://vitest.dev/guide/snapshot.html

exports[`should add anchor to titles 1`] = `
"<h1 id="foobar" tabindex="-1">foobar <a class="anchor-link" href="#foobar">#</a></h1>
"
`;

exports[`should add class to inlined code block 1`] = `
"<p><code class="inline-code">foobar</code></p>
"
`;

exports[`should add docId to anchor link 1`] = `
"<h1 id="8964-foobar" tabindex="-1">foobar <a class="anchor-link" href="#8964-foobar">#</a></h1>
"
`;

exports[`should support footnote common 1`] = `
"<p>test<sup class="footnote-ref"><a href="#fn1" id="fnref1">[1]</a></sup></p>
<p>after</p>
<h2 class='footnotes'></h2><ol class='footnotes-list'><li id="fn1" class="footnote-item"><p>foobar <a href="#fnref1" class="footnote-backref">↩︎</a></p>
</li>
</ol>"
`;

exports[`should wrap table with a div 1`] = `
"<div class="table-view"><table><thead>
<tr>
<th>head</th>
</tr>
</thead>
<tbody>
<tr>
<td>cell</td>
</tr>
</tbody>
</table></div>"
`;
